// Jest Snapshot v1, https://goo.gl/fbAQLP

exports[`"name" option should work for CDN support query params: errors 1`] = `Array []`;

exports[`"name" option should work for CDN support query params: result 1`] = `"https://cdn.example.com/nested/filepng"`;

exports[`"name" option should work for CDN support query params: warnings 1`] = `Array []`;

exports[`"name" option should work with "Function" value: errors 1`] = `Array []`;

exports[`"name" option should work with "Function" value: result 1`] = `"39f5c21c1aee6ff21844c6e1d8251d97.functionpng"`;

exports[`"name" option should work with "Function" value: warnings 1`] = `Array []`;

exports[`"name" option should work with "String" value: errors 1`] = `Array []`;

exports[`"name" option should work with "String" value: result 1`] = `"39f5c21c1aee6ff21844c6e1d8251d97.stringpng"`;

exports[`"name" option should work with "String" value: warnings 1`] = `Array []`;

exports[`"name" option should work without value: errors 1`] = `Array []`;

exports[`"name" option should work without value: result 1`] = `"39f5c21c1aee6ff21844c6e1d8251d97png"`;

exports[`"name" option should work without value: warnings 1`] = `Array []`;
